[v3 01:18 PM] REBASE scoring ['v3_s1_mirror', 'v3_r_s1_s43', 'v3_r_s1_s44', 'v3_k3'] on the gate cells in the current world (about 16 min) -> done about 01:34 PM
pybullet build time: Aug 29 2026 21:14:04
pybullet build time: Aug 29 2026 21:14:04
pybullet build time: Aug 29 2026 21:14:04
pybullet build time: Aug 29 2026 21:14:04
pybullet build time: Aug 29 2026 21:14:04
pybullet build time: Aug 29 2026 21:14:04
pybullet build time: Aug 29 2026 21:14:04
pybullet build time: Aug 29 2026 21:14:04
pybullet build time: Aug 29 2026 21:14:04
  [47848] T3.2: fell 60%  speed 0.041  heading -4 deg  (36 s)
  [47847] T2.2: fell 0%  speed 0.056  heading +4 deg  (49 s)
  [47849] T5.2: fell 8%  speed 0.058  heading -1 deg  (49 s)
  [47846] T1.1: fell 0%  speed 0.083  heading +3 deg  (50 s)
  [47850] T7.2: fell 0%  speed 0.055  heading +2 deg  (50 s)
  [47846] T8.1: fell 60%  speed 0.055  heading +5 deg  (34 s)
  [47848] T10.2: fell 0%  speed 0.085  heading +3 deg  (49 s)
  [47847] T9.1: fell 8%  speed 0.040  heading +4 deg  (42 s)
  [47849] T11.1: fell 12%  speed 0.048  heading +2 deg  (52 s)
  [47843] N3: fell 0%  speed 0.065  heading +9 deg  (132 s)
  [47844] N1: fell 0%  speed 0.083  heading +10 deg  (133 s)
  [47845] N5: fell 0%  speed 0.082  heading +10 deg  (133 s)
pybullet build time: Aug 29 2026 21:14:04
pybullet build time: Aug 29 2026 21:14:04
pybullet build time: Aug 29 2026 21:14:04
pybullet build time: Aug 29 2026 21:14:04
pybullet build time: Aug 29 2026 21:14:04
pybullet build time: Aug 29 2026 21:14:04
pybullet build time: Aug 29 2026 21:14:04
pybullet build time: Aug 29 2026 21:14:04
  [48115] T3.2: fell 98%  speed 0.022  heading +1 deg  (20 s)
  [48112] T5.2: fell 25%  speed 0.063  heading +5 deg  (44 s)
  [48109] T2.2: fell 25%  speed 0.005  heading +2 deg  (47 s)
  [48114] T7.2: fell 0%  speed 0.052  heading +4 deg  (51 s)
  [48108] T1.1: fell 0%  speed 0.064  heading +4 deg  (52 s)
  [48115] T10.2: fell 0%  speed 0.076  heading +4 deg  (51 s)
  [48108] T8.1: fell 72%  speed 0.060  heading +10 deg  (29 s)
  [48109] T9.1: fell 40%  speed 0.002  heading +3 deg  (39 s)
  [48112] T11.1: fell 70%  speed 0.051  heading +26 deg  (46 s)
  [48113] N5: fell 5%  speed 0.063  heading +13 deg  (136 s)
  [48110] N1: fell 2%  speed 0.062  heading +18 deg  (135 s)
  [48111] N3: fell 0%  speed 0.052  heading -20 deg  (136 s)
pybullet build time: Aug 29 2026 21:14:04
pybullet build time: Aug 29 2026 21:14:04
pybullet build time: Aug 29 2026 21:14:04
pybullet build time: Aug 29 2026 21:14:04
pybullet build time: Aug 29 2026 21:14:04
pybullet build time: Aug 29 2026 21:14:04
pybullet build time: Aug 29 2026 21:14:04
pybullet build time: Aug 29 2026 21:14:04
  [48271] T3.2: fell 88%  speed 0.012  heading -1 deg  (23 s)
  [48272] T5.2: fell 18%  speed 0.059  heading +8 deg  (40 s)
  [48273] T7.2: fell 2%  speed 0.061  heading +2 deg  (43 s)
  [48270] T2.2: fell 0%  speed 0.044  heading +2 deg  (44 s)
  [48269] T1.1: fell 0%  speed 0.069  heading +3 deg  (44 s)
  [48271] T10.2: fell 0%  speed 0.076  heading +4 deg  (48 s)
  [48269] T8.1: fell 65%  speed 0.054  heading +7 deg  (33 s)
  [48270] T9.1: fell 8%  speed 0.037  heading +1 deg  (42 s)
  [48272] T11.1: fell 45%  speed 0.055  heading +17 deg  (47 s)
  [48268] N3: fell 0%  speed 0.059  heading -1 deg  (123 s)
  [48267] N1: fell 0%  speed 0.069  heading +14 deg  (125 s)
  [48266] N5: fell 0%  speed 0.069  heading +15 deg  (128 s)
pybullet build time: Aug 29 2026 21:14:04
pybullet build time: Aug 29 2026 21:14:04
pybullet build time: Aug 29 2026 21:14:04
pybullet build time: Aug 29 2026 21:14:04
pybullet build time: Aug 29 2026 21:14:04
pybullet build time: Aug 29 2026 21:14:04
pybullet build time: Aug 29 2026 21:14:04
pybullet build time: Aug 29 2026 21:14:04
  [48528] T3.2: fell 60%  speed 0.041  heading -4 deg  (36 s)
  [48527] T2.2: fell 0%  speed 0.056  heading +4 deg  (49 s)
  [48529] T5.2: fell 8%  speed 0.058  heading -1 deg  (49 s)
  [48526] T1.1: fell 0%  speed 0.083  heading +3 deg  (49 s)
  [48530] T7.2: fell 0%  speed 0.055  heading +2 deg  (50 s)
  [48526] T8.1: fell 60%  speed 0.055  heading +5 deg  (35 s)
  [48528] T10.2: fell 0%  speed 0.085  heading +3 deg  (50 s)
  [48527] T9.1: fell 8%  speed 0.040  heading +4 deg  (44 s)
  [48529] T11.1: fell 12%  speed 0.048  heading +2 deg  (53 s)
  [48525] N3: fell 0%  speed 0.065  heading +9 deg  (130 s)
  [48524] N1: fell 0%  speed 0.083  heading +10 deg  (131 s)
  [48523] N5: fell 0%  speed 0.082  heading +10 deg  (131 s)
[v3 01:27 PM] REBASE done: trained/v3_score_v3_k3_envelope_b7669905.json | T1.1 falls 0.00 | N1 speed 0.062 heading +9.6 roll 3.6 asym 0.6 over 0.15 | N5 heading 22.1 | mirror gap 0.02994874306023121
